<html>
<body>
<pre>
<h1>µVision Build Log</h1>
<h2>Tool Versions:</h2>
IDE-Version: µVision V5.26.2.0
Copyright (C) 2018 ARM Ltd and ARM Germany GmbH. All rights reserved.
License Information: Guillermo Enguita, Unizar, LIC=----
 
Tool Versions:
Toolchain:       MDK-Lite  Version: 5.26.2.0
Toolchain Path:  C:\Keil_v5\ARM\ARMCC\Bin
C Compiler:      Armcc.exe V5.06 update 6 (build 750)
Assembler:       Armasm.exe V5.06 update 6 (build 750)
Linker/Locator:  ArmLink.exe V5.06 update 6 (build 750)
Library Manager: ArmAr.exe V5.06 update 6 (build 750)
Hex Converter:   FromElf.exe V5.06 update 6 (build 750)
CPU DLL:         SARM.DLL V5.26.2.0
Dialog DLL:      DARMP.DLL V1.53.0.0
Target DLL:      UL2ARM.DLL V1.74.10.0
Dialog DLL:      TARMP.DLL V1.53.0.0
 
<h2>Project:</h2>
C:\Users\guill\OneDrive\Universidad\3º\PH\P3\keil_reversi\keil_reversi.uvproj
Project File Date:  12/19/2021

<h2>Output:</h2>
*** Using Compiler 'V5.06 update 6 (build 750)', folder: 'C:\Keil_v5\ARM\ARMCC\Bin'
Rebuild target 'Simulator'
compiling Retarget.c...
assembling reiniciarPLL.s...
assembling Startup.s...
compiling Gestor_IO.c...
compiling gestor_energia.c...
compiling gestor_alarmas.c...
compiling gpio.c...
compiling gestor_pulsacion.c...
compiling timer0.c...
compiling timer1.c...
compiling cola.c...
assembling candidatos_actualizar_arm.s...
compiling sudoku_2021.c...
assembling candidatos_propagar_arm.s...
compiling botones.c...
assembling SWI.s...
assembling candidatos_actualizar_arm_c.s...
compiling watchdog.c...
assembling estado.s...
compiling RTC.c...
compiling main.c...
compiling gestor_lineaserie.c...
linking...
.\keil_reversi.axf: Warning: L6305W: Image does not have an entry point. (Not specified or not set due to multiple choices.)
Program Size: Code=10960 RO-data=708 RW-data=1240 ZI-data=15704  
Finished: 0 information, 1 warning and 0 error messages.
".\keil_reversi.axf" - 0 Error(s), 1 Warning(s).
Build Time Elapsed:  00:00:01
</pre>
</body>
</html>
